// Jest Snapshot v1, https://goo.gl/fbAQLP

exports[`Test component queries and rendering 1`] = `
<Query
  displayName="Apollo(Characters)"
  query={
    Object {
      "definitions": Array [
        Object {
          "directives": Array [],
          "kind": "OperationDefinition",
          "name": Object {
            "kind": "Name",
            "value": "GetCharacters",
          },
          "operation": "query",
          "selectionSet": Object {
            "kind": "SelectionSet",
            "selections": Array [
              Object {
                "alias": undefined,
                "arguments": Array [
                  Object {
                    "kind": "Argument",
                    "name": Object {
                      "kind": "Name",
                      "value": "page",
                    },
                    "value": Object {
                      "kind": "Variable",
                      "name": Object {
                        "kind": "Name",
                        "value": "page",
                      },
                    },
                  },
                ],
                "directives": Array [],
                "kind": "Field",
                "name": Object {
                  "kind": "Name",
                  "value": "characters",
                },
                "selectionSet": Object {
                  "kind": "SelectionSet",
                  "selections": Array [
                    Object {
                      "alias": undefined,
                      "arguments": Array [],
                      "directives": Array [],
                      "kind": "Field",
                      "name": Object {
                        "kind": "Name",
                        "value": "info",
                      },
                      "selectionSet": Object {
                        "kind": "SelectionSet",
                        "selections": Array [
                          Object {
                            "alias": undefined,
                            "arguments": Array [],
                            "directives": Array [],
                            "kind": "Field",
                            "name": Object {
                              "kind": "Name",
                              "value": "count",
                            },
                            "selectionSet": undefined,
                          },
                          Object {
                            "alias": undefined,
                            "arguments": Array [],
                            "directives": Array [],
                            "kind": "Field",
                            "name": Object {
                              "kind": "Name",
                              "value": "pages",
                            },
                            "selectionSet": undefined,
                          },
                          Object {
                            "alias": undefined,
                            "arguments": Array [],
                            "directives": Array [],
                            "kind": "Field",
                            "name": Object {
                              "kind": "Name",
                              "value": "prev",
                            },
                            "selectionSet": undefined,
                          },
                          Object {
                            "alias": undefined,
                            "arguments": Array [],
                            "directives": Array [],
                            "kind": "Field",
                            "name": Object {
                              "kind": "Name",
                              "value": "next",
                            },
                            "selectionSet": undefined,
                          },
                        ],
                      },
                    },
                    Object {
                      "alias": undefined,
                      "arguments": Array [],
                      "directives": Array [],
                      "kind": "Field",
                      "name": Object {
                        "kind": "Name",
                        "value": "results",
                      },
                      "selectionSet": Object {
                        "kind": "SelectionSet",
                        "selections": Array [
                          Object {
                            "alias": undefined,
                            "arguments": Array [],
                            "directives": Array [],
                            "kind": "Field",
                            "name": Object {
                              "kind": "Name",
                              "value": "id",
                            },
                            "selectionSet": undefined,
                          },
                          Object {
                            "alias": undefined,
                            "arguments": Array [],
                            "directives": Array [],
                            "kind": "Field",
                            "name": Object {
                              "kind": "Name",
                              "value": "name",
                            },
                            "selectionSet": undefined,
                          },
                          Object {
                            "alias": undefined,
                            "arguments": Array [],
                            "directives": Array [],
                            "kind": "Field",
                            "name": Object {
                              "kind": "Name",
                              "value": "species",
                            },
                            "selectionSet": undefined,
                          },
                          Object {
                            "alias": undefined,
                            "arguments": Array [],
                            "directives": Array [],
                            "kind": "Field",
                            "name": Object {
                              "kind": "Name",
                              "value": "origin",
                            },
                            "selectionSet": Object {
                              "kind": "SelectionSet",
                              "selections": Array [
                                Object {
                                  "alias": undefined,
                                  "arguments": Array [],
                                  "directives": Array [],
                                  "kind": "Field",
                                  "name": Object {
                                    "kind": "Name",
                                    "value": "id",
                                  },
                                  "selectionSet": undefined,
                                },
                                Object {
                                  "alias": undefined,
                                  "arguments": Array [],
                                  "directives": Array [],
                                  "kind": "Field",
                                  "name": Object {
                                    "kind": "Name",
                                    "value": "name",
                                  },
                                  "selectionSet": undefined,
                                },
                              ],
                            },
                          },
                          Object {
                            "alias": undefined,
                            "arguments": Array [],
                            "directives": Array [],
                            "kind": "Field",
                            "name": Object {
                              "kind": "Name",
                              "value": "location",
                            },
                            "selectionSet": Object {
                              "kind": "SelectionSet",
                              "selections": Array [
                                Object {
                                  "alias": undefined,
                                  "arguments": Array [],
                                  "directives": Array [],
                                  "kind": "Field",
                                  "name": Object {
                                    "kind": "Name",
                                    "value": "id",
                                  },
                                  "selectionSet": undefined,
                                },
                                Object {
                                  "alias": undefined,
                                  "arguments": Array [],
                                  "directives": Array [],
                                  "kind": "Field",
                                  "name": Object {
                                    "kind": "Name",
                                    "value": "name",
                                  },
                                  "selectionSet": undefined,
                                },
                              ],
                            },
                          },
                        ],
                      },
                    },
                  ],
                },
              },
            ],
          },
          "variableDefinitions": Array [
            Object {
              "defaultValue": undefined,
              "directives": Array [],
              "kind": "VariableDefinition",
              "type": Object {
                "kind": "NonNullType",
                "type": Object {
                  "kind": "NamedType",
                  "name": Object {
                    "kind": "Name",
                    "value": "Int",
                  },
                },
              },
              "variable": Object {
                "kind": "Variable",
                "name": Object {
                  "kind": "Name",
                  "value": "page",
                },
              },
            },
          ],
        },
      ],
      "kind": "Document",
      "loc": Object {
        "end": 329,
        "start": 0,
      },
    }
  }
  skip={false}
  variables={Object {}}
>
  <Component />
</Query>
`;
